// Vitest Snapshot v1, https://vitest.dev/guide/snapshot.html

exports[`run Normal (teste dourado) > produz as mesmas séries, classificação e colocação para a mesma seed 1`] = `
{
  "champion": "faze-2024",
  "extraKeys": [],
  "matches": [
    [
      "swiss-r1-m1-user-gambit-2016",
      "stage3",
      2,
      0,
      "user",
    ],
    [
      "swiss-r2-m1-user-pain-2021",
      "stage3",
      2,
      0,
      "user",
    ],
    [
      "swiss-r3-m1-faze-2024-user",
      "stage3",
      2,
      0,
      "user",
    ],
    [
      "quarterfinal-m1-user-3dmax-2024",
      "quarterfinal",
      2,
      0,
      "user",
    ],
    [
      "semifinal-m1-user-mouz-2025",
      "semifinal",
      2,
      1,
      "user",
    ],
    [
      "final-m1-user-faze-2024",
      "final",
      1,
      3,
      "faze-2024",
    ],
  ],
  "placement": "placementRunnerUp",
  "roundKeys": [
    "number",
    "phase",
    "series",
  ],
  "standings": [
    [
      "user",
      3,
      0,
      "qualified",
    ],
    [
      "outsiders-2022",
      3,
      0,
      "qualified",
    ],
    [
      "faze-2024",
      3,
      1,
      "champion",
    ],
    [
      "mouz-2025",
      3,
      1,
      "qualified",
    ],
    [
      "furia-2026",
      3,
      1,
      "qualified",
    ],
    [
      "north-2018",
      3,
      2,
      "qualified",
    ],
    [
      "pain-2021",
      3,
      2,
      "qualified",
    ],
    [
      "3dmax-2024",
      3,
      2,
      "qualified",
    ],
    [
      "envyus-2016",
      2,
      3,
      "eliminated",
    ],
    [
      "renegades-2019",
      2,
      3,
      "eliminated",
    ],
    [
      "fut-2026",
      2,
      3,
      "eliminated",
    ],
    [
      "gambit-2016",
      1,
      3,
      "eliminated",
    ],
    [
      "winstrike-2018",
      1,
      3,
      "eliminated",
    ],
    [
      "nrg-2026",
      1,
      3,
      "eliminated",
    ],
    [
      "tyloo-2026",
      0,
      3,
      "eliminated",
    ],
    [
      "og-2025",
      0,
      3,
      "eliminated",
    ],
  ],
  "tournamentKeys": [
    "awards",
    "championId",
    "rounds",
    "standings",
  ],
}
`;
